// Jest Snapshot v1, https://goo.gl/fbAQLP

exports[`<Button /> should render a prop 1`] = `
<div>
  <button
    class="btn btn-primary"
  >
    Primary button
  </button>
</div>
`;
